  Determinando los proyectos que se van a restaurar...
E:\ProyectosNuevos\SistemaComercial\Codigo\Backend\src\Inventario.API\Inventario.API.Application\Inventario.API.Application.csproj : warning NU1608: Se detect├│ una versi├│n del paquete fuera de la restricci├│n de dependencia: AutoMapper.Extensions.Microsoft.DependencyInjection 12.0.1 requiere AutoMapper (= 12.0.1), pero la versi├│n AutoMapper 16.0.0 ya se resolvi├│. [E:\ProyectosNuevos\SistemaComercial\Codigo\Backend\src\Inventario.API\Inventario.API.API\Inventario.API.API.csproj]
E:\ProyectosNuevos\SistemaComercial\Codigo\Backend\src\Inventario.API\Inventario.API.Infrastructure\Inventario.API.Infrastructure.csproj : warning NU1608: Se detect├│ una versi├│n del paquete fuera de la restricci├│n de dependencia: AutoMapper.Extensions.Microsoft.DependencyInjection 12.0.1 requiere AutoMapper (= 12.0.1), pero la versi├│n AutoMapper 16.0.0 ya se resolvi├│. [E:\ProyectosNuevos\SistemaComercial\Codigo\Backend\src\Inventario.API\Inventario.API.API\Inventario.API.API.csproj]
E:\ProyectosNuevos\SistemaComercial\Codigo\Backend\src\Inventario.API\Inventario.API.API\Inventario.API.API.csproj : warning NU1608: Se detect├│ una versi├│n del paquete fuera de la restricci├│n de dependencia: AutoMapper.Extensions.Microsoft.DependencyInjection 12.0.1 requiere AutoMapper (= 12.0.1), pero la versi├│n AutoMapper 16.0.0 ya se resolvi├│.
  Todos los proyectos est├ín actualizados para la restauraci├│n.
E:\ProyectosNuevos\SistemaComercial\Codigo\Backend\src\Inventario.API\Inventario.API.API\Inventario.API.API.csproj : warning NU1608: Se detect├│ una versi├│n del paquete fuera de la restricci├│n de dependencia: AutoMapper.Extensions.Microsoft.DependencyInjection 12.0.1 requiere AutoMapper (= 12.0.1), pero la versi├│n AutoMapper 16.0.0 ya se resolvi├│.
E:\ProyectosNuevos\SistemaComercial\Codigo\Backend\src\Inventario.API\Inventario.API.Application\Inventario.API.Application.csproj : warning NU1608: Se detect├│ una versi├│n del paquete fuera de la restricci├│n de dependencia: AutoMapper.Extensions.Microsoft.DependencyInjection 12.0.1 requiere AutoMapper (= 12.0.1), pero la versi├│n AutoMapper 16.0.0 ya se resolvi├│.
E:\ProyectosNuevos\SistemaComercial\Codigo\Backend\src\Inventario.API\Inventario.API.Infrastructure\Inventario.API.Infrastructure.csproj : warning NU1608: Se detect├│ una versi├│n del paquete fuera de la restricci├│n de dependencia: AutoMapper.Extensions.Microsoft.DependencyInjection 12.0.1 requiere AutoMapper (= 12.0.1), pero la versi├│n AutoMapper 16.0.0 ya se resolvi├│.
  Nucleo -> E:\ProyectosNuevos\SistemaComercial\Codigo\Backend\src\Nucleo\bin\Debug\net8.0\Nucleo.dll
  Inventario.API.Domain -> E:\ProyectosNuevos\SistemaComercial\Codigo\Backend\src\Inventario.API\Inventario.API.Domain\bin\Debug\net8.0\Inventario.API.Domain.dll
  Inventario.API.Application -> E:\ProyectosNuevos\SistemaComercial\Codigo\Backend\src\Inventario.API\Inventario.API.Application\bin\Debug\net8.0\Inventario.API.Application.dll
  Inventario.API.Infrastructure -> E:\ProyectosNuevos\SistemaComercial\Codigo\Backend\src\Inventario.API\Inventario.API.Infrastructure\bin\Debug\net8.0\Inventario.API.Infrastructure.dll
C:\Program Files\dotnet\sdk\9.0.308\Microsoft.Common.CurrentVersion.targets(5093,5): warning MSB3026: No se pudo copiar "E:\ProyectosNuevos\SistemaComercial\Codigo\Backend\src\Inventario.API\Inventario.API.Application\bin\Debug\net8.0\Inventario.API.Application.dll" en "bin\Debug\net8.0\Inventario.API.Application.dll". Se iniciar├í el reintento 1 dentro de 1000ms. The process cannot access the file 'E:\ProyectosNuevos\SistemaComercial\Codigo\Backend\src\Inventario.API\Inventario.API.API\bin\Debug\net8.0\Inventario.API.Application.dll' because it is being used by another process. El archivo se ha bloqueado por: ".NET Host (40780)" [E:\ProyectosNuevos\SistemaComercial\Codigo\Backend\src\Inventario.API\Inventario.API.API\Inventario.API.API.csproj]
C:\Program Files\dotnet\sdk\9.0.308\Microsoft.Common.CurrentVersion.targets(5093,5): warning MSB3026: No se pudo copiar "E:\ProyectosNuevos\SistemaComercial\Codigo\Backend\src\Inventario.API\Inventario.API.Infrastructure\bin\Debug\net8.0\Inventario.API.Infrastructure.dll" en "bin\Debug\net8.0\Inventario.API.Infrastructure.dll". Se iniciar├í el reintento 1 dentro de 1000ms. The process cannot access the file 'E:\ProyectosNuevos\SistemaComercial\Codigo\Backend\src\Inventario.API\Inventario.API.API\bin\Debug\net8.0\Inventario.API.Infrastructure.dll' because it is being used by another process. El archivo se ha bloqueado por: ".NET Host (40780)" [E:\ProyectosNuevos\SistemaComercial\Codigo\Backend\src\Inventario.API\Inventario.API.API\Inventario.API.API.csproj]
C:\Program Files\dotnet\sdk\9.0.308\Microsoft.Common.CurrentVersion.targets(5093,5): warning MSB3026: No se pudo copiar "E:\ProyectosNuevos\SistemaComercial\Codigo\Backend\src\Inventario.API\Inventario.API.Infrastructure\bin\Debug\net8.0\Inventario.API.Infrastructure.pdb" en "bin\Debug\net8.0\Inventario.API.Infrastructure.pdb". Se iniciar├í el reintento 1 dentro de 1000ms. The process cannot access the file 'E:\ProyectosNuevos\SistemaComercial\Codigo\Backend\src\Inventario.API\Inventario.API.API\bin\Debug\net8.0\Inventario.API.Infrastructure.pdb' because it is being used by another process. El archivo se ha bloqueado por: "netcoredbg.exe (39340)" [E:\ProyectosNuevos\SistemaComercial\Codigo\Backend\src\Inventario.API\Inventario.API.API\Inventario.API.API.csproj]
C:\Program Files\dotnet\sdk\9.0.308\Microsoft.Common.CurrentVersion.targets(5093,5): warning MSB3026: No se pudo copiar "E:\ProyectosNuevos\SistemaComercial\Codigo\Backend\src\Inventario.API\Inventario.API.Application\bin\Debug\net8.0\Inventario.API.Application.pdb" en "bin\Debug\net8.0\Inventario.API.Application.pdb". Se iniciar├í el reintento 1 dentro de 1000ms. The process cannot access the file 'E:\ProyectosNuevos\SistemaComercial\Codigo\Backend\src\Inventario.API\Inventario.API.API\bin\Debug\net8.0\Inventario.API.Application.pdb' because it is being used by another process. El archivo se ha bloqueado por: "netcoredbg.exe (39340)" [E:\ProyectosNuevos\SistemaComercial\Codigo\Backend\src\Inventario.API\Inventario.API.API\Inventario.API.API.csproj]
C:\Program Files\dotnet\sdk\9.0.308\Microsoft.Common.CurrentVersion.targets(5093,5): warning MSB3026: No se pudo copiar "E:\ProyectosNuevos\SistemaComercial\Codigo\Backend\src\Inventario.API\Inventario.API.Infrastructure\bin\Debug\net8.0\Inventario.API.Infrastructure.dll" en "bin\Debug\net8.0\Inventario.API.Infrastructure.dll". Se iniciar├í el reintento 2 dentro de 1000ms. The process cannot access the file 'E:\ProyectosNuevos\SistemaComercial\Codigo\Backend\src\Inventario.API\Inventario.API.API\bin\Debug\net8.0\Inventario.API.Infrastructure.dll' because it is being used by another process. El archivo se ha bloqueado por: ".NET Host (40780)" [E:\ProyectosNuevos\SistemaComercial\Codigo\Backend\src\Inventario.API\Inventario.API.API\Inventario.API.API.csproj]
C:\Program Files\dotnet\sdk\9.0.308\Microsoft.Common.CurrentVersion.targets(5093,5): warning MSB3026: No se pudo copiar "E:\ProyectosNuevos\SistemaComercial\Codigo\Backend\src\Inventario.API\Inventario.API.Application\bin\Debug\net8.0\Inventario.API.Application.dll" en "bin\Debug\net8.0\Inventario.API.Application.dll". Se iniciar├í el reintento 2 dentro de 1000ms. The process cannot access the file 'E:\ProyectosNuevos\SistemaComercial\Codigo\Backend\src\Inventario.API\Inventario.API.API\bin\Debug\net8.0\Inventario.API.Application.dll' because it is being used by another process. El archivo se ha bloqueado por: ".NET Host (40780)" [E:\ProyectosNuevos\SistemaComercial\Codigo\Backend\src\Inventario.API\Inventario.API.API\Inventario.API.API.csproj]
C:\Program Files\dotnet\sdk\9.0.308\Microsoft.Common.CurrentVersion.targets(5093,5): warning MSB3026: No se pudo copiar "E:\ProyectosNuevos\SistemaComercial\Codigo\Backend\src\Inventario.API\Inventario.API.Application\bin\Debug\net8.0\Inventario.API.Application.pdb" en "bin\Debug\net8.0\Inventario.API.Application.pdb". Se iniciar├í el reintento 2 dentro de 1000ms. The process cannot access the file 'E:\ProyectosNuevos\SistemaComercial\Codigo\Backend\src\Inventario.API\Inventario.API.API\bin\Debug\net8.0\Inventario.API.Application.pdb' because it is being used by another process. El archivo se ha bloqueado por: "netcoredbg.exe (39340)" [E:\ProyectosNuevos\SistemaComercial\Codigo\Backend\src\Inventario.API\Inventario.API.API\Inventario.API.API.csproj]
C:\Program Files\dotnet\sdk\9.0.308\Microsoft.Common.CurrentVersion.targets(5093,5): warning MSB3026: No se pudo copiar "E:\ProyectosNuevos\SistemaComercial\Codigo\Backend\src\Inventario.API\Inventario.API.Infrastructure\bin\Debug\net8.0\Inventario.API.Infrastructure.pdb" en "bin\Debug\net8.0\Inventario.API.Infrastructure.pdb". Se iniciar├í el reintento 2 dentro de 1000ms. The process cannot access the file 'E:\ProyectosNuevos\SistemaComercial\Codigo\Backend\src\Inventario.API\Inventario.API.API\bin\Debug\net8.0\Inventario.API.Infrastructure.pdb' because it is being used by another process. El archivo se ha bloqueado por: "netcoredbg.exe (39340)" [E:\ProyectosNuevos\SistemaComercial\Codigo\Backend\src\Inventario.API\Inventario.API.API\Inventario.API.API.csproj]
C:\Program Files\dotnet\sdk\9.0.308\Microsoft.Common.CurrentVersion.targets(5093,5): warning MSB3026: No se pudo copiar "E:\ProyectosNuevos\SistemaComercial\Codigo\Backend\src\Inventario.API\Inventario.API.Infrastructure\bin\Debug\net8.0\Inventario.API.Infrastructure.dll" en "bin\Debug\net8.0\Inventario.API.Infrastructure.dll". Se iniciar├í el reintento 3 dentro de 1000ms. The process cannot access the file 'E:\ProyectosNuevos\SistemaComercial\Codigo\Backend\src\Inventario.API\Inventario.API.API\bin\Debug\net8.0\Inventario.API.Infrastructure.dll' because it is being used by another process. El archivo se ha bloqueado por: ".NET Host (40780)" [E:\ProyectosNuevos\SistemaComercial\Codigo\Backend\src\Inventario.API\Inventario.API.API\Inventario.API.API.csproj]
C:\Program Files\dotnet\sdk\9.0.308\Microsoft.Common.CurrentVersion.targets(5093,5): warning MSB3026: No se pudo copiar "E:\ProyectosNuevos\SistemaComercial\Codigo\Backend\src\Inventario.API\Inventario.API.Application\bin\Debug\net8.0\Inventario.API.Application.dll" en "bin\Debug\net8.0\Inventario.API.Application.dll". Se iniciar├í el reintento 3 dentro de 1000ms. The process cannot access the file 'E:\ProyectosNuevos\SistemaComercial\Codigo\Backend\src\Inventario.API\Inventario.API.API\bin\Debug\net8.0\Inventario.API.Application.dll' because it is being used by another process. El archivo se ha bloqueado por: ".NET Host (40780)" [E:\ProyectosNuevos\SistemaComercial\Codigo\Backend\src\Inventario.API\Inventario.API.API\Inventario.API.API.csproj]
C:\Program Files\dotnet\sdk\9.0.308\Microsoft.Common.CurrentVersion.targets(5093,5): warning MSB3026: No se pudo copiar "E:\ProyectosNuevos\SistemaComercial\Codigo\Backend\src\Inventario.API\Inventario.API.Application\bin\Debug\net8.0\Inventario.API.Application.pdb" en "bin\Debug\net8.0\Inventario.API.Application.pdb". Se iniciar├í el reintento 3 dentro de 1000ms. The process cannot access the file 'E:\ProyectosNuevos\SistemaComercial\Codigo\Backend\src\Inventario.API\Inventario.API.API\bin\Debug\net8.0\Inventario.API.Application.pdb' because it is being used by another process. El archivo se ha bloqueado por: "netcoredbg.exe (39340)" [E:\ProyectosNuevos\SistemaComercial\Codigo\Backend\src\Inventario.API\Inventario.API.API\Inventario.API.API.csproj]
C:\Program Files\dotnet\sdk\9.0.308\Microsoft.Common.CurrentVersion.targets(5093,5): warning MSB3026: No se pudo copiar "E:\ProyectosNuevos\SistemaComercial\Codigo\Backend\src\Inventario.API\Inventario.API.Infrastructure\bin\Debug\net8.0\Inventario.API.Infrastructure.pdb" en "bin\Debug\net8.0\Inventario.API.Infrastructure.pdb". Se iniciar├í el reintento 3 dentro de 1000ms. The process cannot access the file 'E:\ProyectosNuevos\SistemaComercial\Codigo\Backend\src\Inventario.API\Inventario.API.API\bin\Debug\net8.0\Inventario.API.Infrastructure.pdb' because it is being used by another process. El archivo se ha bloqueado por: "netcoredbg.exe (39340)" [E:\ProyectosNuevos\SistemaComercial\Codigo\Backend\src\Inventario.API\Inventario.API.API\Inventario.API.API.csproj]
C:\Program Files\dotnet\sdk\9.0.308\Microsoft.Common.CurrentVersion.targets(5093,5): warning MSB3026: No se pudo copiar "E:\ProyectosNuevos\SistemaComercial\Codigo\Backend\src\Inventario.API\Inventario.API.Infrastructure\bin\Debug\net8.0\Inventario.API.Infrastructure.dll" en "bin\Debug\net8.0\Inventario.API.Infrastructure.dll". Se iniciar├í el reintento 4 dentro de 1000ms. The process cannot access the file 'E:\ProyectosNuevos\SistemaComercial\Codigo\Backend\src\Inventario.API\Inventario.API.API\bin\Debug\net8.0\Inventario.API.Infrastructure.dll' because it is being used by another process. El archivo se ha bloqueado por: ".NET Host (40780)" [E:\ProyectosNuevos\SistemaComercial\Codigo\Backend\src\Inventario.API\Inventario.API.API\Inventario.API.API.csproj]
C:\Program Files\dotnet\sdk\9.0.308\Microsoft.Common.CurrentVersion.targets(5093,5): warning MSB3026: No se pudo copiar "E:\ProyectosNuevos\SistemaComercial\Codigo\Backend\src\Inventario.API\Inventario.API.Application\bin\Debug\net8.0\Inventario.API.Application.dll" en "bin\Debug\net8.0\Inventario.API.Application.dll". Se iniciar├í el reintento 4 dentro de 1000ms. The process cannot access the file 'E:\ProyectosNuevos\SistemaComercial\Codigo\Backend\src\Inventario.API\Inventario.API.API\bin\Debug\net8.0\Inventario.API.Application.dll' because it is being used by another process. El archivo se ha bloqueado por: ".NET Host (40780)" [E:\ProyectosNuevos\SistemaComercial\Codigo\Backend\src\Inventario.API\Inventario.API.API\Inventario.API.API.csproj]
C:\Program Files\dotnet\sdk\9.0.308\Microsoft.Common.CurrentVersion.targets(5093,5): warning MSB3026: No se pudo copiar "E:\ProyectosNuevos\SistemaComercial\Codigo\Backend\src\Inventario.API\Inventario.API.Infrastructure\bin\Debug\net8.0\Inventario.API.Infrastructure.pdb" en "bin\Debug\net8.0\Inventario.API.Infrastructure.pdb". Se iniciar├í el reintento 4 dentro de 1000ms. The process cannot access the file 'E:\ProyectosNuevos\SistemaComercial\Codigo\Backend\src\Inventario.API\Inventario.API.API\bin\Debug\net8.0\Inventario.API.Infrastructure.pdb' because it is being used by another process. El archivo se ha bloqueado por: "netcoredbg.exe (39340)" [E:\ProyectosNuevos\SistemaComercial\Codigo\Backend\src\Inventario.API\Inventario.API.API\Inventario.API.API.csproj]
C:\Program Files\dotnet\sdk\9.0.308\Microsoft.Common.CurrentVersion.targets(5093,5): warning MSB3026: No se pudo copiar "E:\ProyectosNuevos\SistemaComercial\Codigo\Backend\src\Inventario.API\Inventario.API.Application\bin\Debug\net8.0\Inventario.API.Application.pdb" en "bin\Debug\net8.0\Inventario.API.Application.pdb". Se iniciar├í el reintento 4 dentro de 1000ms. The process cannot access the file 'E:\ProyectosNuevos\SistemaComercial\Codigo\Backend\src\Inventario.API\Inventario.API.API\bin\Debug\net8.0\Inventario.API.Application.pdb' because it is being used by another process. El archivo se ha bloqueado por: "netcoredbg.exe (39340)" [E:\ProyectosNuevos\SistemaComercial\Codigo\Backend\src\Inventario.API\Inventario.API.API\Inventario.API.API.csproj]
C:\Program Files\dotnet\sdk\9.0.308\Microsoft.Common.CurrentVersion.targets(5093,5): warning MSB3026: No se pudo copiar "E:\ProyectosNuevos\SistemaComercial\Codigo\Backend\src\Inventario.API\Inventario.API.Infrastructure\bin\Debug\net8.0\Inventario.API.Infrastructure.dll" en "bin\Debug\net8.0\Inventario.API.Infrastructure.dll". Se iniciar├í el reintento 5 dentro de 1000ms. The process cannot access the file 'E:\ProyectosNuevos\SistemaComercial\Codigo\Backend\src\Inventario.API\Inventario.API.API\bin\Debug\net8.0\Inventario.API.Infrastructure.dll' because it is being used by another process. El archivo se ha bloqueado por: ".NET Host (40780)" [E:\ProyectosNuevos\SistemaComercial\Codigo\Backend\src\Inventario.API\Inventario.API.API\Inventario.API.API.csproj]
C:\Program Files\dotnet\sdk\9.0.308\Microsoft.Common.CurrentVersion.targets(5093,5): warning MSB3026: No se pudo copiar "E:\ProyectosNuevos\SistemaComercial\Codigo\Backend\src\Inventario.API\Inventario.API.Application\bin\Debug\net8.0\Inventario.API.Application.dll" en "bin\Debug\net8.0\Inventario.API.Application.dll". Se iniciar├í el reintento 5 dentro de 1000ms. The process cannot access the file 'E:\ProyectosNuevos\SistemaComercial\Codigo\Backend\src\Inventario.API\Inventario.API.API\bin\Debug\net8.0\Inventario.API.Application.dll' because it is being used by another process. El archivo se ha bloqueado por: ".NET Host (40780)" [E:\ProyectosNuevos\SistemaComercial\Codigo\Backend\src\Inventario.API\Inventario.API.API\Inventario.API.API.csproj]
C:\Program Files\dotnet\sdk\9.0.308\Microsoft.Common.CurrentVersion.targets(5093,5): warning MSB3026: No se pudo copiar "E:\ProyectosNuevos\SistemaComercial\Codigo\Backend\src\Inventario.API\Inventario.API.Application\bin\Debug\net8.0\Inventario.API.Application.pdb" en "bin\Debug\net8.0\Inventario.API.Application.pdb". Se iniciar├í el reintento 5 dentro de 1000ms. The process cannot access the file 'E:\ProyectosNuevos\SistemaComercial\Codigo\Backend\src\Inventario.API\Inventario.API.API\bin\Debug\net8.0\Inventario.API.Application.pdb' because it is being used by another process. El archivo se ha bloqueado por: "netcoredbg.exe (39340)" [E:\ProyectosNuevos\SistemaComercial\Codigo\Backend\src\Inventario.API\Inventario.API.API\Inventario.API.API.csproj]
C:\Program Files\dotnet\sdk\9.0.308\Microsoft.Common.CurrentVersion.targets(5093,5): warning MSB3026: No se pudo copiar "E:\ProyectosNuevos\SistemaComercial\Codigo\Backend\src\Inventario.API\Inventario.API.Infrastructure\bin\Debug\net8.0\Inventario.API.Infrastructure.pdb" en "bin\Debug\net8.0\Inventario.API.Infrastructure.pdb". Se iniciar├í el reintento 5 dentro de 1000ms. The process cannot access the file 'E:\ProyectosNuevos\SistemaComercial\Codigo\Backend\src\Inventario.API\Inventario.API.API\bin\Debug\net8.0\Inventario.API.Infrastructure.pdb' because it is being used by another process. El archivo se ha bloqueado por: "netcoredbg.exe (39340)" [E:\ProyectosNuevos\SistemaComercial\Codigo\Backend\src\Inventario.API\Inventario.API.API\Inventario.API.API.csproj]
C:\Program Files\dotnet\sdk\9.0.308\Microsoft.Common.CurrentVersion.targets(5093,5): warning MSB3026: No se pudo copiar "E:\ProyectosNuevos\SistemaComercial\Codigo\Backend\src\Inventario.API\Inventario.API.Infrastructure\bin\Debug\net8.0\Inventario.API.Infrastructure.dll" en "bin\Debug\net8.0\Inventario.API.Infrastructure.dll". Se iniciar├í el reintento 6 dentro de 1000ms. The process cannot access the file 'E:\ProyectosNuevos\SistemaComercial\Codigo\Backend\src\Inventario.API\Inventario.API.API\bin\Debug\net8.0\Inventario.API.Infrastructure.dll' because it is being used by another process. El archivo se ha bloqueado por: ".NET Host (40780)" [E:\ProyectosNuevos\SistemaComercial\Codigo\Backend\src\Inventario.API\Inventario.API.API\Inventario.API.API.csproj]
C:\Program Files\dotnet\sdk\9.0.308\Microsoft.Common.CurrentVersion.targets(5093,5): warning MSB3026: No se pudo copiar "E:\ProyectosNuevos\SistemaComercial\Codigo\Backend\src\Inventario.API\Inventario.API.Application\bin\Debug\net8.0\Inventario.API.Application.dll" en "bin\Debug\net8.0\Inventario.API.Application.dll". Se iniciar├í el reintento 6 dentro de 1000ms. The process cannot access the file 'E:\ProyectosNuevos\SistemaComercial\Codigo\Backend\src\Inventario.API\Inventario.API.API\bin\Debug\net8.0\Inventario.API.Application.dll' because it is being used by another process. El archivo se ha bloqueado por: ".NET Host (40780)" [E:\ProyectosNuevos\SistemaComercial\Codigo\Backend\src\Inventario.API\Inventario.API.API\Inventario.API.API.csproj]
C:\Program Files\dotnet\sdk\9.0.308\Microsoft.Common.CurrentVersion.targets(5093,5): warning MSB3026: No se pudo copiar "E:\ProyectosNuevos\SistemaComercial\Codigo\Backend\src\Inventario.API\Inventario.API.Application\bin\Debug\net8.0\Inventario.API.Application.pdb" en "bin\Debug\net8.0\Inventario.API.Application.pdb". Se iniciar├í el reintento 6 dentro de 1000ms. The process cannot access the file 'E:\ProyectosNuevos\SistemaComercial\Codigo\Backend\src\Inventario.API\Inventario.API.API\bin\Debug\net8.0\Inventario.API.Application.pdb' because it is being used by another process. El archivo se ha bloqueado por: "netcoredbg.exe (39340)" [E:\ProyectosNuevos\SistemaComercial\Codigo\Backend\src\Inventario.API\Inventario.API.API\Inventario.API.API.csproj]
C:\Program Files\dotnet\sdk\9.0.308\Microsoft.Common.CurrentVersion.targets(5093,5): warning MSB3026: No se pudo copiar "E:\ProyectosNuevos\SistemaComercial\Codigo\Backend\src\Inventario.API\Inventario.API.Infrastructure\bin\Debug\net8.0\Inventario.API.Infrastructure.pdb" en "bin\Debug\net8.0\Inventario.API.Infrastructure.pdb". Se iniciar├í el reintento 6 dentro de 1000ms. The process cannot access the file 'E:\ProyectosNuevos\SistemaComercial\Codigo\Backend\src\Inventario.API\Inventario.API.API\bin\Debug\net8.0\Inventario.API.Infrastructure.pdb' because it is being used by another process. El archivo se ha bloqueado por: "netcoredbg.exe (39340)" [E:\ProyectosNuevos\SistemaComercial\Codigo\Backend\src\Inventario.API\Inventario.API.API\Inventario.API.API.csproj]
  Inventario.API.API -> E:\ProyectosNuevos\SistemaComercial\Codigo\Backend\src\Inventario.API\Inventario.API.API\bin\Debug\net8.0\Inventario.API.API.dll

Compilaci├│n correcta.

E:\ProyectosNuevos\SistemaComercial\Codigo\Backend\src\Inventario.API\Inventario.API.Application\Inventario.API.Application.csproj : warning NU1608: Se detect├│ una versi├│n del paquete fuera de la restricci├│n de dependencia: AutoMapper.Extensions.Microsoft.DependencyInjection 12.0.1 requiere AutoMapper (= 12.0.1), pero la versi├│n AutoMapper 16.0.0 ya se resolvi├│. [E:\ProyectosNuevos\SistemaComercial\Codigo\Backend\src\Inventario.API\Inventario.API.API\Inventario.API.API.csproj]
E:\ProyectosNuevos\SistemaComercial\Codigo\Backend\src\Inventario.API\Inventario.API.Infrastructure\Inventario.API.Infrastructure.csproj : warning NU1608: Se detect├│ una versi├│n del paquete fuera de la restricci├│n de dependencia: AutoMapper.Extensions.Microsoft.DependencyInjection 12.0.1 requiere AutoMapper (= 12.0.1), pero la versi├│n AutoMapper 16.0.0 ya se resolvi├│. [E:\ProyectosNuevos\SistemaComercial\Codigo\Backend\src\Inventario.API\Inventario.API.API\Inventario.API.API.csproj]
E:\ProyectosNuevos\SistemaComercial\Codigo\Backend\src\Inventario.API\Inventario.API.API\Inventario.API.API.csproj : warning NU1608: Se detect├│ una versi├│n del paquete fuera de la restricci├│n de dependencia: AutoMapper.Extensions.Microsoft.DependencyInjection 12.0.1 requiere AutoMapper (= 12.0.1), pero la versi├│n AutoMapper 16.0.0 ya se resolvi├│.
E:\ProyectosNuevos\SistemaComercial\Codigo\Backend\src\Inventario.API\Inventario.API.API\Inventario.API.API.csproj : warning NU1608: Se detect├│ una versi├│n del paquete fuera de la restricci├│n de dependencia: AutoMapper.Extensions.Microsoft.DependencyInjection 12.0.1 requiere AutoMapper (= 12.0.1), pero la versi├│n AutoMapper 16.0.0 ya se resolvi├│.
E:\ProyectosNuevos\SistemaComercial\Codigo\Backend\src\Inventario.API\Inventario.API.Application\Inventario.API.Application.csproj : warning NU1608: Se detect├│ una versi├│n del paquete fuera de la restricci├│n de dependencia: AutoMapper.Extensions.Microsoft.DependencyInjection 12.0.1 requiere AutoMapper (= 12.0.1), pero la versi├│n AutoMapper 16.0.0 ya se resolvi├│.
E:\ProyectosNuevos\SistemaComercial\Codigo\Backend\src\Inventario.API\Inventario.API.Infrastructure\Inventario.API.Infrastructure.csproj : warning NU1608: Se detect├│ una versi├│n del paquete fuera de la restricci├│n de dependencia: AutoMapper.Extensions.Microsoft.DependencyInjection 12.0.1 requiere AutoMapper (= 12.0.1), pero la versi├│n AutoMapper 16.0.0 ya se resolvi├│.
C:\Program Files\dotnet\sdk\9.0.308\Microsoft.Common.CurrentVersion.targets(5093,5): warning MSB3026: No se pudo copiar "E:\ProyectosNuevos\SistemaComercial\Codigo\Backend\src\Inventario.API\Inventario.API.Application\bin\Debug\net8.0\Inventario.API.Application.dll" en "bin\Debug\net8.0\Inventario.API.Application.dll". Se iniciar├í el reintento 1 dentro de 1000ms. The process cannot access the file 'E:\ProyectosNuevos\SistemaComercial\Codigo\Backend\src\Inventario.API\Inventario.API.API\bin\Debug\net8.0\Inventario.API.Application.dll' because it is being used by another process. El archivo se ha bloqueado por: ".NET Host (40780)" [E:\ProyectosNuevos\SistemaComercial\Codigo\Backend\src\Inventario.API\Inventario.API.API\Inventario.API.API.csproj]
C:\Program Files\dotnet\sdk\9.0.308\Microsoft.Common.CurrentVersion.targets(5093,5): warning MSB3026: No se pudo copiar "E:\ProyectosNuevos\SistemaComercial\Codigo\Backend\src\Inventario.API\Inventario.API.Infrastructure\bin\Debug\net8.0\Inventario.API.Infrastructure.dll" en "bin\Debug\net8.0\Inventario.API.Infrastructure.dll". Se iniciar├í el reintento 1 dentro de 1000ms. The process cannot access the file 'E:\ProyectosNuevos\SistemaComercial\Codigo\Backend\src\Inventario.API\Inventario.API.API\bin\Debug\net8.0\Inventario.API.Infrastructure.dll' because it is being used by another process. El archivo se ha bloqueado por: ".NET Host (40780)" [E:\ProyectosNuevos\SistemaComercial\Codigo\Backend\src\Inventario.API\Inventario.API.API\Inventario.API.API.csproj]
C:\Program Files\dotnet\sdk\9.0.308\Microsoft.Common.CurrentVersion.targets(5093,5): warning MSB3026: No se pudo copiar "E:\ProyectosNuevos\SistemaComercial\Codigo\Backend\src\Inventario.API\Inventario.API.Infrastructure\bin\Debug\net8.0\Inventario.API.Infrastructure.pdb" en "bin\Debug\net8.0\Inventario.API.Infrastructure.pdb". Se iniciar├í el reintento 1 dentro de 1000ms. The process cannot access the file 'E:\ProyectosNuevos\SistemaComercial\Codigo\Backend\src\Inventario.API\Inventario.API.API\bin\Debug\net8.0\Inventario.API.Infrastructure.pdb' because it is being used by another process. El archivo se ha bloqueado por: "netcoredbg.exe (39340)" [E:\ProyectosNuevos\SistemaComercial\Codigo\Backend\src\Inventario.API\Inventario.API.API\Inventario.API.API.csproj]
C:\Program Files\dotnet\sdk\9.0.308\Microsoft.Common.CurrentVersion.targets(5093,5): warning MSB3026: No se pudo copiar "E:\ProyectosNuevos\SistemaComercial\Codigo\Backend\src\Inventario.API\Inventario.API.Application\bin\Debug\net8.0\Inventario.API.Application.pdb" en "bin\Debug\net8.0\Inventario.API.Application.pdb". Se iniciar├í el reintento 1 dentro de 1000ms. The process cannot access the file 'E:\ProyectosNuevos\SistemaComercial\Codigo\Backend\src\Inventario.API\Inventario.API.API\bin\Debug\net8.0\Inventario.API.Application.pdb' because it is being used by another process. El archivo se ha bloqueado por: "netcoredbg.exe (39340)" [E:\ProyectosNuevos\SistemaComercial\Codigo\Backend\src\Inventario.API\Inventario.API.API\Inventario.API.API.csproj]
C:\Program Files\dotnet\sdk\9.0.308\Microsoft.Common.CurrentVersion.targets(5093,5): warning MSB3026: No se pudo copiar "E:\ProyectosNuevos\SistemaComercial\Codigo\Backend\src\Inventario.API\Inventario.API.Infrastructure\bin\Debug\net8.0\Inventario.API.Infrastructure.dll" en "bin\Debug\net8.0\Inventario.API.Infrastructure.dll". Se iniciar├í el reintento 2 dentro de 1000ms. The process cannot access the file 'E:\ProyectosNuevos\SistemaComercial\Codigo\Backend\src\Inventario.API\Inventario.API.API\bin\Debug\net8.0\Inventario.API.Infrastructure.dll' because it is being used by another process. El archivo se ha bloqueado por: ".NET Host (40780)" [E:\ProyectosNuevos\SistemaComercial\Codigo\Backend\src\Inventario.API\Inventario.API.API\Inventario.API.API.csproj]
C:\Program Files\dotnet\sdk\9.0.308\Microsoft.Common.CurrentVersion.targets(5093,5): warning MSB3026: No se pudo copiar "E:\ProyectosNuevos\SistemaComercial\Codigo\Backend\src\Inventario.API\Inventario.API.Application\bin\Debug\net8.0\Inventario.API.Application.dll" en "bin\Debug\net8.0\Inventario.API.Application.dll". Se iniciar├í el reintento 2 dentro de 1000ms. The process cannot access the file 'E:\ProyectosNuevos\SistemaComercial\Codigo\Backend\src\Inventario.API\Inventario.API.API\bin\Debug\net8.0\Inventario.API.Application.dll' because it is being used by another process. El archivo se ha bloqueado por: ".NET Host (40780)" [E:\ProyectosNuevos\SistemaComercial\Codigo\Backend\src\Inventario.API\Inventario.API.API\Inventario.API.API.csproj]
C:\Program Files\dotnet\sdk\9.0.308\Microsoft.Common.CurrentVersion.targets(5093,5): warning MSB3026: No se pudo copiar "E:\ProyectosNuevos\SistemaComercial\Codigo\Backend\src\Inventario.API\Inventario.API.Application\bin\Debug\net8.0\Inventario.API.Application.pdb" en "bin\Debug\net8.0\Inventario.API.Application.pdb". Se iniciar├í el reintento 2 dentro de 1000ms. The process cannot access the file 'E:\ProyectosNuevos\SistemaComercial\Codigo\Backend\src\Inventario.API\Inventario.API.API\bin\Debug\net8.0\Inventario.API.Application.pdb' because it is being used by another process. El archivo se ha bloqueado por: "netcoredbg.exe (39340)" [E:\ProyectosNuevos\SistemaComercial\Codigo\Backend\src\Inventario.API\Inventario.API.API\Inventario.API.API.csproj]
C:\Program Files\dotnet\sdk\9.0.308\Microsoft.Common.CurrentVersion.targets(5093,5): warning MSB3026: No se pudo copiar "E:\ProyectosNuevos\SistemaComercial\Codigo\Backend\src\Inventario.API\Inventario.API.Infrastructure\bin\Debug\net8.0\Inventario.API.Infrastructure.pdb" en "bin\Debug\net8.0\Inventario.API.Infrastructure.pdb". Se iniciar├í el reintento 2 dentro de 1000ms. The process cannot access the file 'E:\ProyectosNuevos\SistemaComercial\Codigo\Backend\src\Inventario.API\Inventario.API.API\bin\Debug\net8.0\Inventario.API.Infrastructure.pdb' because it is being used by another process. El archivo se ha bloqueado por: "netcoredbg.exe (39340)" [E:\ProyectosNuevos\SistemaComercial\Codigo\Backend\src\Inventario.API\Inventario.API.API\Inventario.API.API.csproj]
C:\Program Files\dotnet\sdk\9.0.308\Microsoft.Common.CurrentVersion.targets(5093,5): warning MSB3026: No se pudo copiar "E:\ProyectosNuevos\SistemaComercial\Codigo\Backend\src\Inventario.API\Inventario.API.Infrastructure\bin\Debug\net8.0\Inventario.API.Infrastructure.dll" en "bin\Debug\net8.0\Inventario.API.Infrastructure.dll". Se iniciar├í el reintento 3 dentro de 1000ms. The process cannot access the file 'E:\ProyectosNuevos\SistemaComercial\Codigo\Backend\src\Inventario.API\Inventario.API.API\bin\Debug\net8.0\Inventario.API.Infrastructure.dll' because it is being used by another process. El archivo se ha bloqueado por: ".NET Host (40780)" [E:\ProyectosNuevos\SistemaComercial\Codigo\Backend\src\Inventario.API\Inventario.API.API\Inventario.API.API.csproj]
C:\Program Files\dotnet\sdk\9.0.308\Microsoft.Common.CurrentVersion.targets(5093,5): warning MSB3026: No se pudo copiar "E:\ProyectosNuevos\SistemaComercial\Codigo\Backend\src\Inventario.API\Inventario.API.Application\bin\Debug\net8.0\Inventario.API.Application.dll" en "bin\Debug\net8.0\Inventario.API.Application.dll". Se iniciar├í el reintento 3 dentro de 1000ms. The process cannot access the file 'E:\ProyectosNuevos\SistemaComercial\Codigo\Backend\src\Inventario.API\Inventario.API.API\bin\Debug\net8.0\Inventario.API.Application.dll' because it is being used by another process. El archivo se ha bloqueado por: ".NET Host (40780)" [E:\ProyectosNuevos\SistemaComercial\Codigo\Backend\src\Inventario.API\Inventario.API.API\Inventario.API.API.csproj]
C:\Program Files\dotnet\sdk\9.0.308\Microsoft.Common.CurrentVersion.targets(5093,5): warning MSB3026: No se pudo copiar "E:\ProyectosNuevos\SistemaComercial\Codigo\Backend\src\Inventario.API\Inventario.API.Application\bin\Debug\net8.0\Inventario.API.Application.pdb" en "bin\Debug\net8.0\Inventario.API.Application.pdb". Se iniciar├í el reintento 3 dentro de 1000ms. The process cannot access the file 'E:\ProyectosNuevos\SistemaComercial\Codigo\Backend\src\Inventario.API\Inventario.API.API\bin\Debug\net8.0\Inventario.API.Application.pdb' because it is being used by another process. El archivo se ha bloqueado por: "netcoredbg.exe (39340)" [E:\ProyectosNuevos\SistemaComercial\Codigo\Backend\src\Inventario.API\Inventario.API.API\Inventario.API.API.csproj]
C:\Program Files\dotnet\sdk\9.0.308\Microsoft.Common.CurrentVersion.targets(5093,5): warning MSB3026: No se pudo copiar "E:\ProyectosNuevos\SistemaComercial\Codigo\Backend\src\Inventario.API\Inventario.API.Infrastructure\bin\Debug\net8.0\Inventario.API.Infrastructure.pdb" en "bin\Debug\net8.0\Inventario.API.Infrastructure.pdb". Se iniciar├í el reintento 3 dentro de 1000ms. The process cannot access the file 'E:\ProyectosNuevos\SistemaComercial\Codigo\Backend\src\Inventario.API\Inventario.API.API\bin\Debug\net8.0\Inventario.API.Infrastructure.pdb' because it is being used by another process. El archivo se ha bloqueado por: "netcoredbg.exe (39340)" [E:\ProyectosNuevos\SistemaComercial\Codigo\Backend\src\Inventario.API\Inventario.API.API\Inventario.API.API.csproj]
C:\Program Files\dotnet\sdk\9.0.308\Microsoft.Common.CurrentVersion.targets(5093,5): warning MSB3026: No se pudo copiar "E:\ProyectosNuevos\SistemaComercial\Codigo\Backend\src\Inventario.API\Inventario.API.Infrastructure\bin\Debug\net8.0\Inventario.API.Infrastructure.dll" en "bin\Debug\net8.0\Inventario.API.Infrastructure.dll". Se iniciar├í el reintento 4 dentro de 1000ms. The process cannot access the file 'E:\ProyectosNuevos\SistemaComercial\Codigo\Backend\src\Inventario.API\Inventario.API.API\bin\Debug\net8.0\Inventario.API.Infrastructure.dll' because it is being used by another process. El archivo se ha bloqueado por: ".NET Host (40780)" [E:\ProyectosNuevos\SistemaComercial\Codigo\Backend\src\Inventario.API\Inventario.API.API\Inventario.API.API.csproj]
C:\Program Files\dotnet\sdk\9.0.308\Microsoft.Common.CurrentVersion.targets(5093,5): warning MSB3026: No se pudo copiar "E:\ProyectosNuevos\SistemaComercial\Codigo\Backend\src\Inventario.API\Inventario.API.Application\bin\Debug\net8.0\Inventario.API.Application.dll" en "bin\Debug\net8.0\Inventario.API.Application.dll". Se iniciar├í el reintento 4 dentro de 1000ms. The process cannot access the file 'E:\ProyectosNuevos\SistemaComercial\Codigo\Backend\src\Inventario.API\Inventario.API.API\bin\Debug\net8.0\Inventario.API.Application.dll' because it is being used by another process. El archivo se ha bloqueado por: ".NET Host (40780)" [E:\ProyectosNuevos\SistemaComercial\Codigo\Backend\src\Inventario.API\Inventario.API.API\Inventario.API.API.csproj]
C:\Program Files\dotnet\sdk\9.0.308\Microsoft.Common.CurrentVersion.targets(5093,5): warning MSB3026: No se pudo copiar "E:\ProyectosNuevos\SistemaComercial\Codigo\Backend\src\Inventario.API\Inventario.API.Infrastructure\bin\Debug\net8.0\Inventario.API.Infrastructure.pdb" en "bin\Debug\net8.0\Inventario.API.Infrastructure.pdb". Se iniciar├í el reintento 4 dentro de 1000ms. The process cannot access the file 'E:\ProyectosNuevos\SistemaComercial\Codigo\Backend\src\Inventario.API\Inventario.API.API\bin\Debug\net8.0\Inventario.API.Infrastructure.pdb' because it is being used by another process. El archivo se ha bloqueado por: "netcoredbg.exe (39340)" [E:\ProyectosNuevos\SistemaComercial\Codigo\Backend\src\Inventario.API\Inventario.API.API\Inventario.API.API.csproj]
C:\Program Files\dotnet\sdk\9.0.308\Microsoft.Common.CurrentVersion.targets(5093,5): warning MSB3026: No se pudo copiar "E:\ProyectosNuevos\SistemaComercial\Codigo\Backend\src\Inventario.API\Inventario.API.Application\bin\Debug\net8.0\Inventario.API.Application.pdb" en "bin\Debug\net8.0\Inventario.API.Application.pdb". Se iniciar├í el reintento 4 dentro de 1000ms. The process cannot access the file 'E:\ProyectosNuevos\SistemaComercial\Codigo\Backend\src\Inventario.API\Inventario.API.API\bin\Debug\net8.0\Inventario.API.Application.pdb' because it is being used by another process. El archivo se ha bloqueado por: "netcoredbg.exe (39340)" [E:\ProyectosNuevos\SistemaComercial\Codigo\Backend\src\Inventario.API\Inventario.API.API\Inventario.API.API.csproj]
C:\Program Files\dotnet\sdk\9.0.308\Microsoft.Common.CurrentVersion.targets(5093,5): warning MSB3026: No se pudo copiar "E:\ProyectosNuevos\SistemaComercial\Codigo\Backend\src\Inventario.API\Inventario.API.Infrastructure\bin\Debug\net8.0\Inventario.API.Infrastructure.dll" en "bin\Debug\net8.0\Inventario.API.Infrastructure.dll". Se iniciar├í el reintento 5 dentro de 1000ms. The process cannot access the file 'E:\ProyectosNuevos\SistemaComercial\Codigo\Backend\src\Inventario.API\Inventario.API.API\bin\Debug\net8.0\Inventario.API.Infrastructure.dll' because it is being used by another process. El archivo se ha bloqueado por: ".NET Host (40780)" [E:\ProyectosNuevos\SistemaComercial\Codigo\Backend\src\Inventario.API\Inventario.API.API\Inventario.API.API.csproj]
C:\Program Files\dotnet\sdk\9.0.308\Microsoft.Common.CurrentVersion.targets(5093,5): warning MSB3026: No se pudo copiar "E:\ProyectosNuevos\SistemaComercial\Codigo\Backend\src\Inventario.API\Inventario.API.Application\bin\Debug\net8.0\Inventario.API.Application.dll" en "bin\Debug\net8.0\Inventario.API.Application.dll". Se iniciar├í el reintento 5 dentro de 1000ms. The process cannot access the file 'E:\ProyectosNuevos\SistemaComercial\Codigo\Backend\src\Inventario.API\Inventario.API.API\bin\Debug\net8.0\Inventario.API.Application.dll' because it is being used by another process. El archivo se ha bloqueado por: ".NET Host (40780)" [E:\ProyectosNuevos\SistemaComercial\Codigo\Backend\src\Inventario.API\Inventario.API.API\Inventario.API.API.csproj]
C:\Program Files\dotnet\sdk\9.0.308\Microsoft.Common.CurrentVersion.targets(5093,5): warning MSB3026: No se pudo copiar "E:\ProyectosNuevos\SistemaComercial\Codigo\Backend\src\Inventario.API\Inventario.API.Application\bin\Debug\net8.0\Inventario.API.Application.pdb" en "bin\Debug\net8.0\Inventario.API.Application.pdb". Se iniciar├í el reintento 5 dentro de 1000ms. The process cannot access the file 'E:\ProyectosNuevos\SistemaComercial\Codigo\Backend\src\Inventario.API\Inventario.API.API\bin\Debug\net8.0\Inventario.API.Application.pdb' because it is being used by another process. El archivo se ha bloqueado por: "netcoredbg.exe (39340)" [E:\ProyectosNuevos\SistemaComercial\Codigo\Backend\src\Inventario.API\Inventario.API.API\Inventario.API.API.csproj]
C:\Program Files\dotnet\sdk\9.0.308\Microsoft.Common.CurrentVersion.targets(5093,5): warning MSB3026: No se pudo copiar "E:\ProyectosNuevos\SistemaComercial\Codigo\Backend\src\Inventario.API\Inventario.API.Infrastructure\bin\Debug\net8.0\Inventario.API.Infrastructure.pdb" en "bin\Debug\net8.0\Inventario.API.Infrastructure.pdb". Se iniciar├í el reintento 5 dentro de 1000ms. The process cannot access the file 'E:\ProyectosNuevos\SistemaComercial\Codigo\Backend\src\Inventario.API\Inventario.API.API\bin\Debug\net8.0\Inventario.API.Infrastructure.pdb' because it is being used by another process. El archivo se ha bloqueado por: "netcoredbg.exe (39340)" [E:\ProyectosNuevos\SistemaComercial\Codigo\Backend\src\Inventario.API\Inventario.API.API\Inventario.API.API.csproj]
C:\Program Files\dotnet\sdk\9.0.308\Microsoft.Common.CurrentVersion.targets(5093,5): warning MSB3026: No se pudo copiar "E:\ProyectosNuevos\SistemaComercial\Codigo\Backend\src\Inventario.API\Inventario.API.Infrastructure\bin\Debug\net8.0\Inventario.API.Infrastructure.dll" en "bin\Debug\net8.0\Inventario.API.Infrastructure.dll". Se iniciar├í el reintento 6 dentro de 1000ms. The process cannot access the file 'E:\ProyectosNuevos\SistemaComercial\Codigo\Backend\src\Inventario.API\Inventario.API.API\bin\Debug\net8.0\Inventario.API.Infrastructure.dll' because it is being used by another process. El archivo se ha bloqueado por: ".NET Host (40780)" [E:\ProyectosNuevos\SistemaComercial\Codigo\Backend\src\Inventario.API\Inventario.API.API\Inventario.API.API.csproj]
C:\Program Files\dotnet\sdk\9.0.308\Microsoft.Common.CurrentVersion.targets(5093,5): warning MSB3026: No se pudo copiar "E:\ProyectosNuevos\SistemaComercial\Codigo\Backend\src\Inventario.API\Inventario.API.Application\bin\Debug\net8.0\Inventario.API.Application.dll" en "bin\Debug\net8.0\Inventario.API.Application.dll". Se iniciar├í el reintento 6 dentro de 1000ms. The process cannot access the file 'E:\ProyectosNuevos\SistemaComercial\Codigo\Backend\src\Inventario.API\Inventario.API.API\bin\Debug\net8.0\Inventario.API.Application.dll' because it is being used by another process. El archivo se ha bloqueado por: ".NET Host (40780)" [E:\ProyectosNuevos\SistemaComercial\Codigo\Backend\src\Inventario.API\Inventario.API.API\Inventario.API.API.csproj]
C:\Program Files\dotnet\sdk\9.0.308\Microsoft.Common.CurrentVersion.targets(5093,5): warning MSB3026: No se pudo copiar "E:\ProyectosNuevos\SistemaComercial\Codigo\Backend\src\Inventario.API\Inventario.API.Application\bin\Debug\net8.0\Inventario.API.Application.pdb" en "bin\Debug\net8.0\Inventario.API.Application.pdb". Se iniciar├í el reintento 6 dentro de 1000ms. The process cannot access the file 'E:\ProyectosNuevos\SistemaComercial\Codigo\Backend\src\Inventario.API\Inventario.API.API\bin\Debug\net8.0\Inventario.API.Application.pdb' because it is being used by another process. El archivo se ha bloqueado por: "netcoredbg.exe (39340)" [E:\ProyectosNuevos\SistemaComercial\Codigo\Backend\src\Inventario.API\Inventario.API.API\Inventario.API.API.csproj]
C:\Program Files\dotnet\sdk\9.0.308\Microsoft.Common.CurrentVersion.targets(5093,5): warning MSB3026: No se pudo copiar "E:\ProyectosNuevos\SistemaComercial\Codigo\Backend\src\Inventario.API\Inventario.API.Infrastructure\bin\Debug\net8.0\Inventario.API.Infrastructure.pdb" en "bin\Debug\net8.0\Inventario.API.Infrastructure.pdb". Se iniciar├í el reintento 6 dentro de 1000ms. The process cannot access the file 'E:\ProyectosNuevos\SistemaComercial\Codigo\Backend\src\Inventario.API\Inventario.API.API\bin\Debug\net8.0\Inventario.API.Infrastructure.pdb' because it is being used by another process. El archivo se ha bloqueado por: "netcoredbg.exe (39340)" [E:\ProyectosNuevos\SistemaComercial\Codigo\Backend\src\Inventario.API\Inventario.API.API\Inventario.API.API.csproj]
    30 Advertencia(s)
    0 Errores

Tiempo transcurrido 00:00:08.86

Hay actualizaciones de carga de trabajo disponibles. Ejecute "dotnet workload list" para obtener m├ís informaci├│n.
